info: Microsoft.Hosting.Lifetime[14]
      Now listening on: http://localhost:5000
info: Microsoft.Hosting.Lifetime[0]
      Application started. Press Ctrl+C to shut down.
info: Microsoft.Hosting.Lifetime[0]
      Hosting environment: Production
info: Microsoft.Hosting.Lifetime[0]
      Content root path: D:\SourceCodes\ExitPass-PoSServer\src\ExitPass.PosServer.Api
info: Microsoft.AspNetCore.Hosting.Diagnostics[1]
      Request starting HTTP/1.1 POST http://localhost:5000/v1/fiscal-documents/ - application/json;+charset=utf-8 -
info: Microsoft.AspNetCore.Routing.EndpointMiddleware[0]
      Executing endpoint 'HTTP: POST /v1/fiscal-documents/'
info: Microsoft.AspNetCore.Http.Result.JsonResult[1]
      Setting HTTP status code 202.
info: Microsoft.AspNetCore.Http.Result.JsonResult[3]
      Writing value of type 'CreateFiscalDocumentResponse' as Json.
info: Microsoft.AspNetCore.Routing.EndpointMiddleware[1]
      Executed endpoint 'HTTP: POST /v1/fiscal-documents/'
info: Microsoft.AspNetCore.Hosting.Diagnostics[2]
      Request finished HTTP/1.1 POST http://localhost:5000/v1/fiscal-documents/ - 202 - application/json;+charset=utf-8 389.9616ms
