2026-07-08T10:02:05.067Z info: ExitPass.CentralPms.Api.Services.VendorSessionProjectionSchedulerHostedService[0]
      Vendor session projection scheduler is disabled by configuration.
2026-07-08T10:02:05.257Z info: Microsoft.Hosting.Lifetime[14]
      Now listening on: http://localhost:5080
2026-07-08T10:02:05.257Z info: Microsoft.Hosting.Lifetime[0]
      Application started. Press Ctrl+C to shut down.
2026-07-08T10:02:05.257Z info: Microsoft.Hosting.Lifetime[0]
      Hosting environment: Production
2026-07-08T10:02:05.257Z info: Microsoft.Hosting.Lifetime[0]
      Content root path: D:\SourceCodes\ExitPass\src\Services\CentralPms\src\ExitPass.CentralPms.Api
2026-07-08T10:03:45.269Z info: Program[0]
      => SpanId:fc41deaec0f192d8, TraceId:dea65ccda08e8f3cdba980d4d1c14c0b, ParentId:0000000000000000 => server.address:localhost, server.port:5080, http.request.method:POST, url.scheme:http, url.path:/internal/controlled-uat/fiscal-issuance/run, network.protocol.version:1.1, user_agent.original:Mozilla/5.0 (Windows NT; Windows NT 10.0; en-PH) WindowsPowerShell/5.1.26100.8655, correlation_id:b45cd9e4-4fbe-4d2b-ae08-b9d3f61bc65f => correlation_id:b45cd9e4-4fbe-4d2b-ae08-b9d3f61bc65f => ConnectionId:0HNMSIJMIBHP9 => RequestPath:/internal/controlled-uat/fiscal-issuance/run RequestId:0HNMSIJMIBHP9:00000001 => System.Collections.Generic.Dictionary`2[System.String,System.Object]
      Central PMS request started.
2026-07-08T10:03:45.622Z info: System.Net.Http.HttpClient.IPosServerFiscalDocumentClient.LogicalHandler[100]
      => SpanId:fc41deaec0f192d8, TraceId:dea65ccda08e8f3cdba980d4d1c14c0b, ParentId:0000000000000000 => server.address:localhost, server.port:5080, http.request.method:POST, url.scheme:http, url.path:/internal/controlled-uat/fiscal-issuance/run, network.protocol.version:1.1, user_agent.original:Mozilla/5.0 (Windows NT; Windows NT 10.0; en-PH) WindowsPowerShell/5.1.26100.8655, correlation_id:b45cd9e4-4fbe-4d2b-ae08-b9d3f61bc65f => correlation_id:b45cd9e4-4fbe-4d2b-ae08-b9d3f61bc65f => ConnectionId:0HNMSIJMIBHP9 => RequestPath:/internal/controlled-uat/fiscal-issuance/run RequestId:0HNMSIJMIBHP9:00000001 => System.Collections.Generic.Dictionary`2[System.String,System.Object] => HTTP POST http://localhost:5000/v1/fiscal-documents/
      Start processing HTTP request POST http://localhost:5000/v1/fiscal-documents/
2026-07-08T10:03:45.622Z info: System.Net.Http.HttpClient.IPosServerFiscalDocumentClient.ClientHandler[100]
      => SpanId:fc41deaec0f192d8, TraceId:dea65ccda08e8f3cdba980d4d1c14c0b, ParentId:0000000000000000 => server.address:localhost, server.port:5080, http.request.method:POST, url.scheme:http, url.path:/internal/controlled-uat/fiscal-issuance/run, network.protocol.version:1.1, user_agent.original:Mozilla/5.0 (Windows NT; Windows NT 10.0; en-PH) WindowsPowerShell/5.1.26100.8655, correlation_id:b45cd9e4-4fbe-4d2b-ae08-b9d3f61bc65f => correlation_id:b45cd9e4-4fbe-4d2b-ae08-b9d3f61bc65f => ConnectionId:0HNMSIJMIBHP9 => RequestPath:/internal/controlled-uat/fiscal-issuance/run RequestId:0HNMSIJMIBHP9:00000001 => System.Collections.Generic.Dictionary`2[System.String,System.Object] => HTTP POST http://localhost:5000/v1/fiscal-documents/
      Sending HTTP request POST http://localhost:5000/v1/fiscal-documents/
2026-07-08T10:03:45.975Z info: System.Net.Http.HttpClient.IPosServerFiscalDocumentClient.ClientHandler[101]
      => SpanId:fc41deaec0f192d8, TraceId:dea65ccda08e8f3cdba980d4d1c14c0b, ParentId:0000000000000000 => server.address:localhost, server.port:5080, http.request.method:POST, url.scheme:http, url.path:/internal/controlled-uat/fiscal-issuance/run, network.protocol.version:1.1, user_agent.original:Mozilla/5.0 (Windows NT; Windows NT 10.0; en-PH) WindowsPowerShell/5.1.26100.8655, correlation_id:b45cd9e4-4fbe-4d2b-ae08-b9d3f61bc65f => correlation_id:b45cd9e4-4fbe-4d2b-ae08-b9d3f61bc65f => ConnectionId:0HNMSIJMIBHP9 => RequestPath:/internal/controlled-uat/fiscal-issuance/run RequestId:0HNMSIJMIBHP9:00000001 => System.Collections.Generic.Dictionary`2[System.String,System.Object] => HTTP POST http://localhost:5000/v1/fiscal-documents/
      Received HTTP response headers after 350.2196ms - 202
2026-07-08T10:03:45.976Z info: System.Net.Http.HttpClient.IPosServerFiscalDocumentClient.LogicalHandler[101]
      => SpanId:fc41deaec0f192d8, TraceId:dea65ccda08e8f3cdba980d4d1c14c0b, ParentId:0000000000000000 => server.address:localhost, server.port:5080, http.request.method:POST, url.scheme:http, url.path:/internal/controlled-uat/fiscal-issuance/run, network.protocol.version:1.1, user_agent.original:Mozilla/5.0 (Windows NT; Windows NT 10.0; en-PH) WindowsPowerShell/5.1.26100.8655, correlation_id:b45cd9e4-4fbe-4d2b-ae08-b9d3f61bc65f => correlation_id:b45cd9e4-4fbe-4d2b-ae08-b9d3f61bc65f => ConnectionId:0HNMSIJMIBHP9 => RequestPath:/internal/controlled-uat/fiscal-issuance/run RequestId:0HNMSIJMIBHP9:00000001 => System.Collections.Generic.Dictionary`2[System.String,System.Object] => HTTP POST http://localhost:5000/v1/fiscal-documents/
      End processing HTTP request after 356.0247ms - 202
2026-07-08T10:03:46.025Z info: Microsoft.AspNetCore.Http.Result.JsonResult[1]
      => SpanId:fc41deaec0f192d8, TraceId:dea65ccda08e8f3cdba980d4d1c14c0b, ParentId:0000000000000000 => server.address:localhost, server.port:5080, http.request.method:POST, url.scheme:http, url.path:/internal/controlled-uat/fiscal-issuance/run, network.protocol.version:1.1, user_agent.original:Mozilla/5.0 (Windows NT; Windows NT 10.0; en-PH) WindowsPowerShell/5.1.26100.8655, correlation_id:b45cd9e4-4fbe-4d2b-ae08-b9d3f61bc65f => correlation_id:b45cd9e4-4fbe-4d2b-ae08-b9d3f61bc65f => ConnectionId:0HNMSIJMIBHP9 => RequestPath:/internal/controlled-uat/fiscal-issuance/run RequestId:0HNMSIJMIBHP9:00000001 => System.Collections.Generic.Dictionary`2[System.String,System.Object]
      Setting HTTP status code 200.
2026-07-08T10:03:46.027Z info: Microsoft.AspNetCore.Http.Result.JsonResult[3]
      => SpanId:fc41deaec0f192d8, TraceId:dea65ccda08e8f3cdba980d4d1c14c0b, ParentId:0000000000000000 => server.address:localhost, server.port:5080, http.request.method:POST, url.scheme:http, url.path:/internal/controlled-uat/fiscal-issuance/run, network.protocol.version:1.1, user_agent.original:Mozilla/5.0 (Windows NT; Windows NT 10.0; en-PH) WindowsPowerShell/5.1.26100.8655, correlation_id:b45cd9e4-4fbe-4d2b-ae08-b9d3f61bc65f => correlation_id:b45cd9e4-4fbe-4d2b-ae08-b9d3f61bc65f => ConnectionId:0HNMSIJMIBHP9 => RequestPath:/internal/controlled-uat/fiscal-issuance/run RequestId:0HNMSIJMIBHP9:00000001 => System.Collections.Generic.Dictionary`2[System.String,System.Object]
      Writing value of type 'ControlledUatFiscalIssuanceInvocationResponse' as Json.
2026-07-08T10:03:46.033Z info: Program[0]
      => SpanId:fc41deaec0f192d8, TraceId:dea65ccda08e8f3cdba980d4d1c14c0b, ParentId:0000000000000000 => server.address:localhost, server.port:5080, http.request.method:POST, url.scheme:http, url.path:/internal/controlled-uat/fiscal-issuance/run, network.protocol.version:1.1, user_agent.original:Mozilla/5.0 (Windows NT; Windows NT 10.0; en-PH) WindowsPowerShell/5.1.26100.8655, correlation_id:b45cd9e4-4fbe-4d2b-ae08-b9d3f61bc65f => correlation_id:b45cd9e4-4fbe-4d2b-ae08-b9d3f61bc65f => ConnectionId:0HNMSIJMIBHP9 => RequestPath:/internal/controlled-uat/fiscal-issuance/run RequestId:0HNMSIJMIBHP9:00000001 => System.Collections.Generic.Dictionary`2[System.String,System.Object]
      Central PMS request completed successfully with status code 200.
