2026-07-08T11:03:14.945Z info: ExitPass.CentralPms.Api.Services.VendorSessionProjectionSchedulerHostedService[0]
      Vendor session projection scheduler is disabled by configuration.
2026-07-08T11:03:15.125Z info: Microsoft.Hosting.Lifetime[14]
      Now listening on: http://localhost:5080
2026-07-08T11:03:15.125Z info: Microsoft.Hosting.Lifetime[0]
      Application started. Press Ctrl+C to shut down.
2026-07-08T11:03:15.126Z info: Microsoft.Hosting.Lifetime[0]
      Hosting environment: Production
2026-07-08T11:03:15.126Z info: Microsoft.Hosting.Lifetime[0]
      Content root path: D:\SourceCodes\ExitPass\src\Services\CentralPms\src\ExitPass.CentralPms.Api
2026-07-08T11:04:38.032Z info: Program[0]
      => SpanId:158f7af2b0d9e626, TraceId:d4cb80c2562646c8ee5c448224928f92, ParentId:0000000000000000 => server.address:localhost, server.port:5080, http.request.method:POST, url.scheme:http, url.path:/internal/controlled-uat/fiscal-issuance/run, network.protocol.version:1.1, user_agent.original:Mozilla/5.0 (Windows NT; Windows NT 10.0; en-PH) WindowsPowerShell/5.1.26100.8655, correlation_id:48ec72d4-3162-4702-a743-3bd29749236e => correlation_id:48ec72d4-3162-4702-a743-3bd29749236e => ConnectionId:0HNMSJLSEKIQ7 => RequestPath:/internal/controlled-uat/fiscal-issuance/run RequestId:0HNMSJLSEKIQ7:00000001 => System.Collections.Generic.Dictionary`2[System.String,System.Object]
      Central PMS request started.
2026-07-08T11:04:38.534Z info: System.Net.Http.HttpClient.IPosServerFiscalDocumentClient.LogicalHandler[100]
      => SpanId:158f7af2b0d9e626, TraceId:d4cb80c2562646c8ee5c448224928f92, ParentId:0000000000000000 => server.address:localhost, server.port:5080, http.request.method:POST, url.scheme:http, url.path:/internal/controlled-uat/fiscal-issuance/run, network.protocol.version:1.1, user_agent.original:Mozilla/5.0 (Windows NT; Windows NT 10.0; en-PH) WindowsPowerShell/5.1.26100.8655, correlation_id:48ec72d4-3162-4702-a743-3bd29749236e => correlation_id:48ec72d4-3162-4702-a743-3bd29749236e => ConnectionId:0HNMSJLSEKIQ7 => RequestPath:/internal/controlled-uat/fiscal-issuance/run RequestId:0HNMSJLSEKIQ7:00000001 => System.Collections.Generic.Dictionary`2[System.String,System.Object] => HTTP POST http://localhost:5000/v1/fiscal-documents/
      Start processing HTTP request POST http://localhost:5000/v1/fiscal-documents/
2026-07-08T11:04:38.535Z info: System.Net.Http.HttpClient.IPosServerFiscalDocumentClient.ClientHandler[100]
      => SpanId:158f7af2b0d9e626, TraceId:d4cb80c2562646c8ee5c448224928f92, ParentId:0000000000000000 => server.address:localhost, server.port:5080, http.request.method:POST, url.scheme:http, url.path:/internal/controlled-uat/fiscal-issuance/run, network.protocol.version:1.1, user_agent.original:Mozilla/5.0 (Windows NT; Windows NT 10.0; en-PH) WindowsPowerShell/5.1.26100.8655, correlation_id:48ec72d4-3162-4702-a743-3bd29749236e => correlation_id:48ec72d4-3162-4702-a743-3bd29749236e => ConnectionId:0HNMSJLSEKIQ7 => RequestPath:/internal/controlled-uat/fiscal-issuance/run RequestId:0HNMSJLSEKIQ7:00000001 => System.Collections.Generic.Dictionary`2[System.String,System.Object] => HTTP POST http://localhost:5000/v1/fiscal-documents/
      Sending HTTP request POST http://localhost:5000/v1/fiscal-documents/
2026-07-08T11:04:39.032Z info: System.Net.Http.HttpClient.IPosServerFiscalDocumentClient.ClientHandler[101]
      => SpanId:158f7af2b0d9e626, TraceId:d4cb80c2562646c8ee5c448224928f92, ParentId:0000000000000000 => server.address:localhost, server.port:5080, http.request.method:POST, url.scheme:http, url.path:/internal/controlled-uat/fiscal-issuance/run, network.protocol.version:1.1, user_agent.original:Mozilla/5.0 (Windows NT; Windows NT 10.0; en-PH) WindowsPowerShell/5.1.26100.8655, correlation_id:48ec72d4-3162-4702-a743-3bd29749236e => correlation_id:48ec72d4-3162-4702-a743-3bd29749236e => ConnectionId:0HNMSJLSEKIQ7 => RequestPath:/internal/controlled-uat/fiscal-issuance/run RequestId:0HNMSJLSEKIQ7:00000001 => System.Collections.Generic.Dictionary`2[System.String,System.Object] => HTTP POST http://localhost:5000/v1/fiscal-documents/
      Received HTTP response headers after 493.4454ms - 409
2026-07-08T11:04:39.033Z info: System.Net.Http.HttpClient.IPosServerFiscalDocumentClient.LogicalHandler[101]
      => SpanId:158f7af2b0d9e626, TraceId:d4cb80c2562646c8ee5c448224928f92, ParentId:0000000000000000 => server.address:localhost, server.port:5080, http.request.method:POST, url.scheme:http, url.path:/internal/controlled-uat/fiscal-issuance/run, network.protocol.version:1.1, user_agent.original:Mozilla/5.0 (Windows NT; Windows NT 10.0; en-PH) WindowsPowerShell/5.1.26100.8655, correlation_id:48ec72d4-3162-4702-a743-3bd29749236e => correlation_id:48ec72d4-3162-4702-a743-3bd29749236e => ConnectionId:0HNMSJLSEKIQ7 => RequestPath:/internal/controlled-uat/fiscal-issuance/run RequestId:0HNMSJLSEKIQ7:00000001 => System.Collections.Generic.Dictionary`2[System.String,System.Object] => HTTP POST http://localhost:5000/v1/fiscal-documents/
      End processing HTTP request after 502.4568ms - 409
2026-07-08T11:04:39.109Z info: Microsoft.AspNetCore.Http.Result.JsonResult[1]
      => SpanId:158f7af2b0d9e626, TraceId:d4cb80c2562646c8ee5c448224928f92, ParentId:0000000000000000 => server.address:localhost, server.port:5080, http.request.method:POST, url.scheme:http, url.path:/internal/controlled-uat/fiscal-issuance/run, network.protocol.version:1.1, user_agent.original:Mozilla/5.0 (Windows NT; Windows NT 10.0; en-PH) WindowsPowerShell/5.1.26100.8655, correlation_id:48ec72d4-3162-4702-a743-3bd29749236e => correlation_id:48ec72d4-3162-4702-a743-3bd29749236e => ConnectionId:0HNMSJLSEKIQ7 => RequestPath:/internal/controlled-uat/fiscal-issuance/run RequestId:0HNMSJLSEKIQ7:00000001 => System.Collections.Generic.Dictionary`2[System.String,System.Object]
      Setting HTTP status code 200.
2026-07-08T11:04:39.112Z info: Microsoft.AspNetCore.Http.Result.JsonResult[3]
      => SpanId:158f7af2b0d9e626, TraceId:d4cb80c2562646c8ee5c448224928f92, ParentId:0000000000000000 => server.address:localhost, server.port:5080, http.request.method:POST, url.scheme:http, url.path:/internal/controlled-uat/fiscal-issuance/run, network.protocol.version:1.1, user_agent.original:Mozilla/5.0 (Windows NT; Windows NT 10.0; en-PH) WindowsPowerShell/5.1.26100.8655, correlation_id:48ec72d4-3162-4702-a743-3bd29749236e => correlation_id:48ec72d4-3162-4702-a743-3bd29749236e => ConnectionId:0HNMSJLSEKIQ7 => RequestPath:/internal/controlled-uat/fiscal-issuance/run RequestId:0HNMSJLSEKIQ7:00000001 => System.Collections.Generic.Dictionary`2[System.String,System.Object]
      Writing value of type 'ControlledUatFiscalIssuanceInvocationResponse' as Json.
2026-07-08T11:04:39.122Z info: Program[0]
      => SpanId:158f7af2b0d9e626, TraceId:d4cb80c2562646c8ee5c448224928f92, ParentId:0000000000000000 => server.address:localhost, server.port:5080, http.request.method:POST, url.scheme:http, url.path:/internal/controlled-uat/fiscal-issuance/run, network.protocol.version:1.1, user_agent.original:Mozilla/5.0 (Windows NT; Windows NT 10.0; en-PH) WindowsPowerShell/5.1.26100.8655, correlation_id:48ec72d4-3162-4702-a743-3bd29749236e => correlation_id:48ec72d4-3162-4702-a743-3bd29749236e => ConnectionId:0HNMSJLSEKIQ7 => RequestPath:/internal/controlled-uat/fiscal-issuance/run RequestId:0HNMSJLSEKIQ7:00000001 => System.Collections.Generic.Dictionary`2[System.String,System.Object]
      Central PMS request completed successfully with status code 200.
